C:/Users/steve/Documents/SR22_Display_TGFX/Core/Src/can.c:148:6:MX_CAN1_Init	8	static
C:/Users/steve/Documents/SR22_Display_TGFX/Core/Src/can.c:198:6:HAL_CAN_MspInit	40	static
C:/Users/steve/Documents/SR22_Display_TGFX/Core/Src/can.c:233:6:HAL_CAN_MspDeInit	8	static
C:/Users/steve/Documents/SR22_Display_TGFX/Core/Src/can.c:260:6:HAL_CAN_RxFifo0MsgPendingCallback	8	static
C:/Users/steve/Documents/SR22_Display_TGFX/Core/Src/can.c:270:6:SendDriverScreenData	16	static
C:/Users/steve/Documents/SR22_Display_TGFX/Core/Src/can.c:288:6:ParseCANData	16	static
C:/Users/steve/Documents/SR22_Display_TGFX/Core/Src/can.c:395:7:CombineUnsigned	16	static
C:/Users/steve/Documents/SR22_Display_TGFX/Core/Src/can.c:401:7:CombineSigned	16	static
