D:/GitHub/SR22_Display_TGFX/Core/Src/can.c:126:6:MX_CAN1_Init	8	static
D:/GitHub/SR22_Display_TGFX/Core/Src/can.c:176:6:HAL_CAN_MspInit	40	static
D:/GitHub/SR22_Display_TGFX/Core/Src/can.c:211:6:HAL_CAN_MspDeInit	8	static
D:/GitHub/SR22_Display_TGFX/Core/Src/can.c:251:6:SendDriverScreenData	16	static
D:/GitHub/SR22_Display_TGFX/Core/Src/can.c:269:6:ParseCANData	24	static
D:/GitHub/SR22_Display_TGFX/Core/Src/can.c:238:6:HAL_CAN_RxFifo0MsgPendingCallback	8	static
D:/GitHub/SR22_Display_TGFX/Core/Src/can.c:379:7:CombineUnsigned	16	static
D:/GitHub/SR22_Display_TGFX/Core/Src/can.c:385:7:CombineSigned	16	static
