C:/Users/Steven/Documents/GitHub/SR22_Display_TGFX/Core/Src/freertos.c:228:6:StartDefaultTask	8	static
C:/Users/Steven/Documents/GitHub/SR22_Display_TGFX/Core/Src/freertos.c:246:6:StartRPMTask	8	static
C:/Users/Steven/Documents/GitHub/SR22_Display_TGFX/Core/Src/freertos.c:269:6:StartEGTTask	16	static
C:/Users/Steven/Documents/GitHub/SR22_Display_TGFX/Core/Src/freertos.c:295:6:StartShifterTask	32	static
C:/Users/Steven/Documents/GitHub/SR22_Display_TGFX/Core/Src/freertos.c:334:6:StartGPSTask	8	static
C:/Users/Steven/Documents/GitHub/SR22_Display_TGFX/Core/Src/freertos.c:355:6:StartDebounce	24	static
C:/Users/Steven/Documents/GitHub/SR22_Display_TGFX/Core/Src/freertos.c:141:6:vApplicationIdleHook	0	static
C:/Users/Steven/Documents/GitHub/SR22_Display_TGFX/Core/Src/freertos.c:161:6:MX_FREERTOS_Init	8	static
