D:/GitHub/SR22_Display_TGFX/Core/Src/freertos.c:422:6:lapTimerCallback	0	static
D:/GitHub/SR22_Display_TGFX/Core/Src/freertos.c:253:6:StartDefaultTask	8	static
D:/GitHub/SR22_Display_TGFX/Core/Src/freertos.c:271:6:StartRPMTask	8	static
D:/GitHub/SR22_Display_TGFX/Core/Src/freertos.c:294:6:StartEGTTask	16	static
D:/GitHub/SR22_Display_TGFX/Core/Src/freertos.c:320:6:StartShifterTask	32	static
D:/GitHub/SR22_Display_TGFX/Core/Src/freertos.c:359:6:StartGPSTask	40	static
D:/GitHub/SR22_Display_TGFX/Core/Src/freertos.c:400:6:StartDebounce	24	static
D:/GitHub/SR22_Display_TGFX/Core/Src/freertos.c:159:6:vApplicationIdleHook	0	static
D:/GitHub/SR22_Display_TGFX/Core/Src/freertos.c:179:6:MX_FREERTOS_Init	8	static
