C:/Users/steve/Documents/SR22_Display_TGFX/Core/Src/stm32f7xx_it.c:78:6:NMI_Handler	0	static
C:/Users/steve/Documents/SR22_Display_TGFX/Core/Src/stm32f7xx_it.c:91:6:HardFault_Handler	0	static
C:/Users/steve/Documents/SR22_Display_TGFX/Core/Src/stm32f7xx_it.c:106:6:MemManage_Handler	0	static
C:/Users/steve/Documents/SR22_Display_TGFX/Core/Src/stm32f7xx_it.c:121:6:BusFault_Handler	0	static
C:/Users/steve/Documents/SR22_Display_TGFX/Core/Src/stm32f7xx_it.c:136:6:UsageFault_Handler	0	static
C:/Users/steve/Documents/SR22_Display_TGFX/Core/Src/stm32f7xx_it.c:151:6:DebugMon_Handler	0	static
C:/Users/steve/Documents/SR22_Display_TGFX/Core/Src/stm32f7xx_it.c:171:6:DMA1_Stream3_IRQHandler	0	static
C:/Users/steve/Documents/SR22_Display_TGFX/Core/Src/stm32f7xx_it.c:185:6:CAN1_TX_IRQHandler	0	static
C:/Users/steve/Documents/SR22_Display_TGFX/Core/Src/stm32f7xx_it.c:199:6:CAN1_RX0_IRQHandler	0	static
C:/Users/steve/Documents/SR22_Display_TGFX/Core/Src/stm32f7xx_it.c:213:6:EXTI9_5_IRQHandler	8	static
C:/Users/steve/Documents/SR22_Display_TGFX/Core/Src/stm32f7xx_it.c:228:6:TIM2_IRQHandler	0	static
C:/Users/steve/Documents/SR22_Display_TGFX/Core/Src/stm32f7xx_it.c:242:6:EXTI15_10_IRQHandler	0	static
C:/Users/steve/Documents/SR22_Display_TGFX/Core/Src/stm32f7xx_it.c:257:6:TIM6_DAC_IRQHandler	0	static
C:/Users/steve/Documents/SR22_Display_TGFX/Core/Src/stm32f7xx_it.c:271:6:DMA2_Stream1_IRQHandler	0	static
C:/Users/steve/Documents/SR22_Display_TGFX/Core/Src/stm32f7xx_it.c:285:6:LTDC_IRQHandler	0	static
C:/Users/steve/Documents/SR22_Display_TGFX/Core/Src/stm32f7xx_it.c:299:6:DMA2D_IRQHandler	0	static
