../../Middlewares/ST/touchgfx/framework/include/touchgfx/Screen.hpp:104:18:virtual void touchgfx::Screen::afterTransition()	0	static
../../Middlewares/ST/touchgfx/framework/include/touchgfx/Screen.hpp:144:18:virtual void touchgfx::Screen::handleTickEvent()	0	static
../../Middlewares/ST/touchgfx/framework/include/touchgfx/Screen.hpp:154:18:virtual void touchgfx::Screen::handleKeyEvent(uint8_t)	0	static
D:/GitHub/SR22_Display_TGFX/TouchGFX/gui/src/driverscreen_screen/DriverScreenView.cpp:14:6:virtual void DriverScreenView::tearDownScreen()	0	static
../../TouchGFX/gui/include/gui/driverscreen_screen/DriverScreenView.hpp:11:13:DriverScreenView::~DriverScreenView()	8	static
../../TouchGFX/gui/include/gui/driverscreen_screen/DriverScreenView.hpp:11:13:virtual DriverScreenView::~DriverScreenView()	8	static
D:/GitHub/SR22_Display_TGFX/TouchGFX/gui/src/driverscreen_screen/DriverScreenView.cpp:4:1:DriverScreenView::DriverScreenView()	8	static
D:/GitHub/SR22_Display_TGFX/TouchGFX/gui/src/driverscreen_screen/DriverScreenView.cpp:9:6:virtual void DriverScreenView::setupScreen()	0	static
D:/GitHub/SR22_Display_TGFX/TouchGFX/gui/src/driverscreen_screen/DriverScreenView.cpp:19:6:virtual void DriverScreenView::updateGear(uint8_t)	8	static
D:/GitHub/SR22_Display_TGFX/TouchGFX/gui/src/driverscreen_screen/DriverScreenView.cpp:24:6:virtual void DriverScreenView::updateLeftDataField1(float)	16	static
D:/GitHub/SR22_Display_TGFX/TouchGFX/gui/src/driverscreen_screen/DriverScreenView.cpp:29:6:virtual void DriverScreenView::updateLeftDataField2(uint8_t)	8	static
D:/GitHub/SR22_Display_TGFX/TouchGFX/gui/src/driverscreen_screen/DriverScreenView.cpp:34:6:virtual void DriverScreenView::updateLeftDataField3(float)	16	static
D:/GitHub/SR22_Display_TGFX/TouchGFX/gui/src/driverscreen_screen/DriverScreenView.cpp:39:6:virtual void DriverScreenView::updateLeftDataField4(uint8_t)	8	static
D:/GitHub/SR22_Display_TGFX/TouchGFX/gui/src/driverscreen_screen/DriverScreenView.cpp:44:6:virtual void DriverScreenView::updateRightDataField1(float)	16	static
D:/GitHub/SR22_Display_TGFX/TouchGFX/gui/src/driverscreen_screen/DriverScreenView.cpp:49:6:virtual void DriverScreenView::updateRightDataField2(int16_t)	8	static
D:/GitHub/SR22_Display_TGFX/TouchGFX/gui/src/driverscreen_screen/DriverScreenView.cpp:54:6:virtual void DriverScreenView::updateBatteryLow(bool)	0	static
D:/GitHub/SR22_Display_TGFX/TouchGFX/gui/src/driverscreen_screen/DriverScreenView.cpp:59:6:virtual void DriverScreenView::updateCoolantHigh(bool)	0	static
D:/GitHub/SR22_Display_TGFX/TouchGFX/gui/src/driverscreen_screen/DriverScreenView.cpp:64:6:virtual void DriverScreenView::updateFansOn(bool)	0	static
D:/GitHub/SR22_Display_TGFX/TouchGFX/gui/src/driverscreen_screen/DriverScreenView.cpp:69:6:virtual void DriverScreenView::updateWaterPumpsOn(bool)	0	static
D:/GitHub/SR22_Display_TGFX/TouchGFX/gui/src/driverscreen_screen/DriverScreenView.cpp:74:6:virtual void DriverScreenView::updateFuelPumpOn(bool)	0	static
