../../TouchGFX/gui/include/gui/driverscreen_screen/DriverScreenPresenter.hpp:28:13:DriverScreenPresenter::~DriverScreenPresenter()	0	static
D:/GitHub/SR22_Display_TGFX/TouchGFX/gui/src/driverscreen_screen/DriverScreenPresenter.cpp:10:6:virtual void DriverScreenPresenter::activate()	0	static
../../TouchGFX/gui/include/gui/driverscreen_screen/DriverScreenPresenter.hpp:28:13:virtual DriverScreenPresenter::~DriverScreenPresenter()	8	static
../../TouchGFX/gui/include/gui/driverscreen_screen/DriverScreenPresenter.hpp:28:13:virtual void* DriverScreenPresenter::_ZThn4_N21DriverScreenPresenterD1Ev()	0	static
D:/GitHub/SR22_Display_TGFX/TouchGFX/gui/src/driverscreen_screen/DriverScreenPresenter.cpp:4:1:DriverScreenPresenter::DriverScreenPresenter(DriverScreenView&)	8	static
