../../Middlewares/ST/touchgfx/framework/include/touchgfx/Screen.hpp:104:18:virtual void touchgfx::Screen::afterTransition()	0	static
D:/GitHub/SR22_Display_TGFX/TouchGFX/gui/src/driverscreen_screen/DriverScreenView.cpp:25:6:virtual void DriverScreenView::tearDownScreen()	0	static
D:/GitHub/SR22_Display_TGFX/TouchGFX/gui/src/driverscreen_screen/DriverScreenView.cpp:30:6:virtual void DriverScreenView::UpdateDriverScreen()	16	static
../../TouchGFX/gui/include/gui/driverscreen_screen/DriverScreenView.hpp:11:13:DriverScreenView::~DriverScreenView()	8	static
../../TouchGFX/gui/include/gui/driverscreen_screen/DriverScreenView.hpp:11:13:virtual DriverScreenView::~DriverScreenView()	8	static
D:/GitHub/SR22_Display_TGFX/TouchGFX/gui/src/driverscreen_screen/DriverScreenView.cpp:15:1:DriverScreenView::DriverScreenView()	8	static
D:/GitHub/SR22_Display_TGFX/TouchGFX/gui/src/driverscreen_screen/DriverScreenView.cpp:20:6:virtual void DriverScreenView::setupScreen()	0	static
D:/GitHub/SR22_Display_TGFX/TouchGFX/gui/src/driverscreen_screen/DriverScreenView.cpp:60:6:virtual void DriverScreenView::updateGear(uint8_t)	8	static
D:/GitHub/SR22_Display_TGFX/TouchGFX/gui/src/driverscreen_screen/DriverScreenView.cpp:65:6:virtual void DriverScreenView::updateRPM(uint16_t)	8	static
D:/GitHub/SR22_Display_TGFX/TouchGFX/gui/src/driverscreen_screen/DriverScreenView.cpp:70:6:virtual void DriverScreenView::updateLeftDataField1(float)	16	static
D:/GitHub/SR22_Display_TGFX/TouchGFX/gui/src/driverscreen_screen/DriverScreenView.cpp:75:6:virtual void DriverScreenView::updateLeftDataField2(uint8_t)	8	static
D:/GitHub/SR22_Display_TGFX/TouchGFX/gui/src/driverscreen_screen/DriverScreenView.cpp:80:6:virtual void DriverScreenView::updateLeftDataField3(float)	16	static
D:/GitHub/SR22_Display_TGFX/TouchGFX/gui/src/driverscreen_screen/DriverScreenView.cpp:86:6:virtual void DriverScreenView::updateRightDataField1(float)	16	static
D:/GitHub/SR22_Display_TGFX/TouchGFX/gui/src/driverscreen_screen/DriverScreenView.cpp:91:6:virtual void DriverScreenView::updateRightDataField2(int16_t)	8	static
D:/GitHub/SR22_Display_TGFX/TouchGFX/gui/src/driverscreen_screen/DriverScreenView.cpp:96:6:virtual void DriverScreenView::updateRightDataField3(uint16_t)	8	static
D:/GitHub/SR22_Display_TGFX/TouchGFX/gui/src/driverscreen_screen/DriverScreenView.cpp:101:6:virtual void DriverScreenView::updateBatteryLow(bool)	0	static
D:/GitHub/SR22_Display_TGFX/TouchGFX/gui/src/driverscreen_screen/DriverScreenView.cpp:106:6:virtual void DriverScreenView::updateCoolantHigh(bool)	0	static
