../../Middlewares/ST/touchgfx/framework/include/touchgfx/Screen.hpp:104:18:virtual void touchgfx::Screen::afterTransition()	0	static
C:/Users/steve/Documents/SR22_Display_TGFX/TouchGFX/gui/src/driverscreen_screen/DriverScreenView.cpp:27:6:virtual void DriverScreenView::tearDownScreen()	0	static
C:/Users/steve/Documents/SR22_Display_TGFX/TouchGFX/gui/src/driverscreen_screen/DriverScreenView.cpp:32:6:virtual void DriverScreenView::UpdateDriverScreen()	16	static
../../TouchGFX/gui/include/gui/driverscreen_screen/DriverScreenView.hpp:11:13:DriverScreenView::~DriverScreenView()	8	static
../../TouchGFX/gui/include/gui/driverscreen_screen/DriverScreenView.hpp:11:13:virtual DriverScreenView::~DriverScreenView()	8	static
C:/Users/steve/Documents/SR22_Display_TGFX/TouchGFX/gui/src/driverscreen_screen/DriverScreenView.cpp:17:1:DriverScreenView::DriverScreenView()	8	static
C:/Users/steve/Documents/SR22_Display_TGFX/TouchGFX/gui/src/driverscreen_screen/DriverScreenView.cpp:22:6:virtual void DriverScreenView::setupScreen()	0	static
C:/Users/steve/Documents/SR22_Display_TGFX/TouchGFX/gui/src/driverscreen_screen/DriverScreenView.cpp:59:6:virtual void DriverScreenView::updateGear(uint8_t)	8	static
C:/Users/steve/Documents/SR22_Display_TGFX/TouchGFX/gui/src/driverscreen_screen/DriverScreenView.cpp:68:6:virtual void DriverScreenView::updateRPM(uint16_t)	8	static
C:/Users/steve/Documents/SR22_Display_TGFX/TouchGFX/gui/src/driverscreen_screen/DriverScreenView.cpp:73:6:virtual void DriverScreenView::updateLeftDataField1(float)	16	static
C:/Users/steve/Documents/SR22_Display_TGFX/TouchGFX/gui/src/driverscreen_screen/DriverScreenView.cpp:78:6:virtual void DriverScreenView::updateLeftDataField2(uint8_t)	8	static
C:/Users/steve/Documents/SR22_Display_TGFX/TouchGFX/gui/src/driverscreen_screen/DriverScreenView.cpp:83:6:virtual void DriverScreenView::updateRightDataField1(float)	16	static
C:/Users/steve/Documents/SR22_Display_TGFX/TouchGFX/gui/src/driverscreen_screen/DriverScreenView.cpp:88:6:virtual void DriverScreenView::updateRightDataField2(int16_t)	8	static
C:/Users/steve/Documents/SR22_Display_TGFX/TouchGFX/gui/src/driverscreen_screen/DriverScreenView.cpp:93:6:virtual void DriverScreenView::updateBatteryLow(bool)	0	static
C:/Users/steve/Documents/SR22_Display_TGFX/TouchGFX/gui/src/driverscreen_screen/DriverScreenView.cpp:98:6:virtual void DriverScreenView::updateCoolantHigh(bool)	0	static
