../../Middlewares/ST/touchgfx/framework/include/touchgfx/Screen.hpp:104:18:virtual void touchgfx::Screen::afterTransition()	0	static
C:/Users/steve/Documents/SR22_Display_TGFX/TouchGFX/gui/src/driverscreen_screen/DriverScreenView.cpp:27:6:virtual void DriverScreenView::tearDownScreen()	0	static
C:/Users/steve/Documents/SR22_Display_TGFX/TouchGFX/gui/src/driverscreen_screen/DriverScreenView.cpp:32:6:virtual void DriverScreenView::UpdateDriverScreen()	16	static
../../TouchGFX/gui/include/gui/driverscreen_screen/DriverScreenView.hpp:11:13:DriverScreenView::~DriverScreenView()	8	static
../../TouchGFX/gui/include/gui/driverscreen_screen/DriverScreenView.hpp:11:13:virtual DriverScreenView::~DriverScreenView()	8	static
C:/Users/steve/Documents/SR22_Display_TGFX/TouchGFX/gui/src/driverscreen_screen/DriverScreenView.cpp:17:1:DriverScreenView::DriverScreenView()	8	static
C:/Users/steve/Documents/SR22_Display_TGFX/TouchGFX/gui/src/driverscreen_screen/DriverScreenView.cpp:22:6:virtual void DriverScreenView::setupScreen()	0	static
C:/Users/steve/Documents/SR22_Display_TGFX/TouchGFX/gui/src/driverscreen_screen/DriverScreenView.cpp:53:6:virtual void DriverScreenView::updateGear(uint8_t)	8	static
C:/Users/steve/Documents/SR22_Display_TGFX/TouchGFX/gui/src/driverscreen_screen/DriverScreenView.cpp:62:6:virtual void DriverScreenView::updateRPM(uint16_t)	8	static
C:/Users/steve/Documents/SR22_Display_TGFX/TouchGFX/gui/src/driverscreen_screen/DriverScreenView.cpp:67:6:virtual void DriverScreenView::updateLeftDataField1(float)	16	static
C:/Users/steve/Documents/SR22_Display_TGFX/TouchGFX/gui/src/driverscreen_screen/DriverScreenView.cpp:72:6:virtual void DriverScreenView::updateLeftDataField2(uint8_t)	8	static
C:/Users/steve/Documents/SR22_Display_TGFX/TouchGFX/gui/src/driverscreen_screen/DriverScreenView.cpp:77:6:virtual void DriverScreenView::updateRightDataField1(float)	16	static
C:/Users/steve/Documents/SR22_Display_TGFX/TouchGFX/gui/src/driverscreen_screen/DriverScreenView.cpp:82:6:virtual void DriverScreenView::updateRightDataField2(int16_t)	8	static
