../../Middlewares/ST/touchgfx/framework/include/touchgfx/Screen.hpp:104:18:virtual void touchgfx::Screen::afterTransition()	0	static
D:/GitHub/SR22_Display_TGFX/TouchGFX/gui/src/powertrainscreen_screen/PowerTrainScreenView.cpp:61:6:virtual void PowerTrainScreenView::tearDownScreen()	0	static
../../TouchGFX/gui/include/gui/powertrainscreen_screen/PowerTrainScreenView.hpp:11:13:PowerTrainScreenView::~PowerTrainScreenView()	8	static
../../TouchGFX/gui/include/gui/powertrainscreen_screen/PowerTrainScreenView.hpp:11:13:virtual PowerTrainScreenView::~PowerTrainScreenView()	8	static
D:/GitHub/SR22_Display_TGFX/TouchGFX/gui/src/powertrainscreen_screen/PowerTrainScreenView.cpp:51:1:PowerTrainScreenView::PowerTrainScreenView()	8	static
D:/GitHub/SR22_Display_TGFX/TouchGFX/gui/src/powertrainscreen_screen/PowerTrainScreenView.cpp:56:6:virtual void PowerTrainScreenView::setupScreen()	0	static
D:/GitHub/SR22_Display_TGFX/TouchGFX/gui/src/powertrainscreen_screen/PowerTrainScreenView.cpp:66:6:virtual void PowerTrainScreenView::UpdatePowerTrainScreen()	24	static
