../../Middlewares/ST/touchgfx/framework/include/touchgfx/Screen.hpp:104:18:virtual void touchgfx::Screen::afterTransition()	0	static
D:/GitHub/SR22_Display_TGFX/TouchGFX/gui/src/suspensionscreen_screen/SuspensionScreenView.cpp:36:6:virtual void SuspensionScreenView::tearDownScreen()	0	static
../../TouchGFX/gui/include/gui/suspensionscreen_screen/SuspensionScreenView.hpp:11:13:SuspensionScreenView::~SuspensionScreenView()	8	static
../../TouchGFX/gui/include/gui/suspensionscreen_screen/SuspensionScreenView.hpp:11:13:virtual SuspensionScreenView::~SuspensionScreenView()	8	static
../../Middlewares/ST/touchgfx/framework/include/touchgfx/Bitmap.hpp:133:14:touchgfx::BitmapId touchgfx::Bitmap::getId() const	8	static
D:/GitHub/SR22_Display_TGFX/TouchGFX/gui/src/suspensionscreen_screen/SuspensionScreenView.cpp:74:6:virtual void SuspensionScreenView::ToggleTTPMS()	8	static
../../Middlewares/ST/touchgfx/framework/include/touchgfx/Unicode.hpp:404:25:static touchgfx::Unicode::UnicodeChar* touchgfx::Unicode::snprintfFloat(touchgfx::Unicode::UnicodeChar*, uint16_t, const char*, float)	16	static
D:/GitHub/SR22_Display_TGFX/TouchGFX/gui/src/suspensionscreen_screen/SuspensionScreenView.cpp:26:1:SuspensionScreenView::SuspensionScreenView()	8	static
D:/GitHub/SR22_Display_TGFX/TouchGFX/gui/src/suspensionscreen_screen/SuspensionScreenView.cpp:31:6:virtual void SuspensionScreenView::setupScreen()	0	static
D:/GitHub/SR22_Display_TGFX/TouchGFX/gui/src/suspensionscreen_screen/SuspensionScreenView.cpp:41:6:virtual void SuspensionScreenView::UpdateSuspensionScreen()	16	static
